// Jest Snapshot v1, https://goo.gl/fbAQLP

exports[`Pruebas en FirstApp Debe de hacer match con el snapshot 1`] = `
<div>
  <h1>
    Hola, Soy Goku
  </h1>
  <p>
    IOS & Android version 
    33
  </p>
  <p>
    Alan Fermin
  </p>
</div>
`;
